C:/Workspace/solt_prj/STM32CubeWB-master/STM32CubeWB-master/Projects/STM32WB5MM-DK/Applications/BLE/BLE_Sensor/Core/Src/vl53l0x/vl53l0x_tof.c:41:5:_I2CWrite	40	static
C:/Workspace/solt_prj/STM32CubeWB-master/STM32CubeWB-master/Projects/STM32WB5MM-DK/Applications/BLE/BLE_Sensor/Core/Src/vl53l0x/vl53l0x_tof.c:50:5:_I2CRead	40	static
C:/Workspace/solt_prj/STM32CubeWB-master/STM32CubeWB-master/Projects/STM32WB5MM-DK/Applications/BLE/BLE_Sensor/Core/Src/vl53l0x/vl53l0x_tof.c:59:15:VL53L0X_RdByte	32	static
C:/Workspace/solt_prj/STM32CubeWB-master/STM32CubeWB-master/Projects/STM32WB5MM-DK/Applications/BLE/BLE_Sensor/Core/Src/vl53l0x/vl53l0x_tof.c:83:15:VL53L0X_WriteMulti	32	static
C:/Workspace/solt_prj/STM32CubeWB-master/STM32CubeWB-master/Projects/STM32WB5MM-DK/Applications/BLE/BLE_Sensor/Core/Src/vl53l0x/vl53l0x_tof.c:104:15:VL53L0X_ReadMulti	32	static
C:/Workspace/solt_prj/STM32CubeWB-master/STM32CubeWB-master/Projects/STM32WB5MM-DK/Applications/BLE/BLE_Sensor/Core/Src/vl53l0x/vl53l0x_tof.c:125:15:VL53L0X_RdWord	32	static
C:/Workspace/solt_prj/STM32CubeWB-master/STM32CubeWB-master/Projects/STM32WB5MM-DK/Applications/BLE/BLE_Sensor/Core/Src/vl53l0x/vl53l0x_tof.c:148:15:VL53L0X_RdDWord	32	static
C:/Workspace/solt_prj/STM32CubeWB-master/STM32CubeWB-master/Projects/STM32WB5MM-DK/Applications/BLE/BLE_Sensor/Core/Src/vl53l0x/vl53l0x_tof.c:172:15:VL53L0X_WrByte	24	static
C:/Workspace/solt_prj/STM32CubeWB-master/STM32CubeWB-master/Projects/STM32WB5MM-DK/Applications/BLE/BLE_Sensor/Core/Src/vl53l0x/vl53l0x_tof.c:188:15:VL53L0X_WrWord	24	static
C:/Workspace/solt_prj/STM32CubeWB-master/STM32CubeWB-master/Projects/STM32WB5MM-DK/Applications/BLE/BLE_Sensor/Core/Src/vl53l0x/vl53l0x_tof.c:205:15:VL53L0X_UpdateByte	24	static
C:/Workspace/solt_prj/STM32CubeWB-master/STM32CubeWB-master/Projects/STM32WB5MM-DK/Applications/BLE/BLE_Sensor/Core/Src/vl53l0x/vl53l0x_tof.c:221:15:VL53L0X_WrDWord	32	static
C:/Workspace/solt_prj/STM32CubeWB-master/STM32CubeWB-master/Projects/STM32WB5MM-DK/Applications/BLE/BLE_Sensor/Core/Src/vl53l0x/vl53l0x_tof.c:238:15:VL53L0X_PollingDelay	24	static
C:/Workspace/solt_prj/STM32CubeWB-master/STM32CubeWB-master/Projects/STM32WB5MM-DK/Applications/BLE/BLE_Sensor/Core/Src/vl53l0x/vl53l0x_tof.c:249:6:SetupSingleShot	48	static
