../../../../../../../Drivers/STM32WBxx_HAL_Driver/Inc/stm32wbxx_ll_bus.h:539:22:LL_AHB2_GRP1_EnableClock	24	static
C:/Workspace/solt_prj/STM32CubeWB-master/STM32CubeWB-master/Drivers/BSP/STM32WB5MM-DK/stm32wb5mm_dk_lcd.c:157:9:BSP_LCD_Init	24	static
C:/Workspace/solt_prj/STM32CubeWB-master/STM32CubeWB-master/Drivers/BSP/STM32WB5MM-DK/stm32wb5mm_dk_lcd.c:193:9:BSP_LCD_DeInit	24	static
C:/Workspace/solt_prj/STM32CubeWB-master/STM32CubeWB-master/Drivers/BSP/STM32WB5MM-DK/stm32wb5mm_dk_lcd.c:219:9:BSP_LCD_GetPixelFormat	24	static
C:/Workspace/solt_prj/STM32CubeWB-master/STM32CubeWB-master/Drivers/BSP/STM32WB5MM-DK/stm32wb5mm_dk_lcd.c:241:9:BSP_LCD_GetXSize	24	static
C:/Workspace/solt_prj/STM32CubeWB-master/STM32CubeWB-master/Drivers/BSP/STM32WB5MM-DK/stm32wb5mm_dk_lcd.c:270:9:BSP_LCD_GetYSize	24	static
C:/Workspace/solt_prj/STM32CubeWB-master/STM32CubeWB-master/Drivers/BSP/STM32WB5MM-DK/stm32wb5mm_dk_lcd.c:298:9:BSP_LCD_DisplayOn	24	static
C:/Workspace/solt_prj/STM32CubeWB-master/STM32CubeWB-master/Drivers/BSP/STM32WB5MM-DK/stm32wb5mm_dk_lcd.c:326:9:BSP_LCD_DisplayOff	24	static
C:/Workspace/solt_prj/STM32CubeWB-master/STM32CubeWB-master/Drivers/BSP/STM32WB5MM-DK/stm32wb5mm_dk_lcd.c:354:9:BSP_LCD_Refresh	24	static
C:/Workspace/solt_prj/STM32CubeWB-master/STM32CubeWB-master/Drivers/BSP/STM32WB5MM-DK/stm32wb5mm_dk_lcd.c:383:9:BSP_LCD_SetPage	24	static
C:/Workspace/solt_prj/STM32CubeWB-master/STM32CubeWB-master/Drivers/BSP/STM32WB5MM-DK/stm32wb5mm_dk_lcd.c:412:9:BSP_LCD_SetColumn	24	static
C:/Workspace/solt_prj/STM32CubeWB-master/STM32CubeWB-master/Drivers/BSP/STM32WB5MM-DK/stm32wb5mm_dk_lcd.c:444:9:BSP_LCD_ScrollingSetup	48	static
C:/Workspace/solt_prj/STM32CubeWB-master/STM32CubeWB-master/Drivers/BSP/STM32WB5MM-DK/stm32wb5mm_dk_lcd.c:472:9:BSP_LCD_ScrollingStart	24	static
C:/Workspace/solt_prj/STM32CubeWB-master/STM32CubeWB-master/Drivers/BSP/STM32WB5MM-DK/stm32wb5mm_dk_lcd.c:500:9:BSP_LCD_ScrollingStop	24	static
C:/Workspace/solt_prj/STM32CubeWB-master/STM32CubeWB-master/Drivers/BSP/STM32WB5MM-DK/stm32wb5mm_dk_lcd.c:530:9:BSP_LCD_SetBrightness	24	static
C:/Workspace/solt_prj/STM32CubeWB-master/STM32CubeWB-master/Drivers/BSP/STM32WB5MM-DK/stm32wb5mm_dk_lcd.c:559:9:BSP_LCD_GetBrightness	24	static
C:/Workspace/solt_prj/STM32CubeWB-master/STM32CubeWB-master/Drivers/BSP/STM32WB5MM-DK/stm32wb5mm_dk_lcd.c:588:10:BSP_LCD_SetOrientation	24	static
C:/Workspace/solt_prj/STM32CubeWB-master/STM32CubeWB-master/Drivers/BSP/STM32WB5MM-DK/stm32wb5mm_dk_lcd.c:617:10:BSP_LCD_GetOrientation	24	static
C:/Workspace/solt_prj/STM32CubeWB-master/STM32CubeWB-master/Drivers/BSP/STM32WB5MM-DK/stm32wb5mm_dk_lcd.c:647:10:BSP_LCD_SetCursor	32	static
C:/Workspace/solt_prj/STM32CubeWB-master/STM32CubeWB-master/Drivers/BSP/STM32WB5MM-DK/stm32wb5mm_dk_lcd.c:678:9:BSP_LCD_DrawBitmap	40	static
C:/Workspace/solt_prj/STM32CubeWB-master/STM32CubeWB-master/Drivers/BSP/STM32WB5MM-DK/stm32wb5mm_dk_lcd.c:712:9:BSP_LCD_ShiftBitmap	48	static
C:/Workspace/solt_prj/STM32CubeWB-master/STM32CubeWB-master/Drivers/BSP/STM32WB5MM-DK/stm32wb5mm_dk_lcd.c:746:9:BSP_LCD_FillRGBRect	48	static
C:/Workspace/solt_prj/STM32CubeWB-master/STM32CubeWB-master/Drivers/BSP/STM32WB5MM-DK/stm32wb5mm_dk_lcd.c:779:9:BSP_LCD_DrawHLine	48	static
C:/Workspace/solt_prj/STM32CubeWB-master/STM32CubeWB-master/Drivers/BSP/STM32WB5MM-DK/stm32wb5mm_dk_lcd.c:813:9:BSP_LCD_DrawVLine	48	static
C:/Workspace/solt_prj/STM32CubeWB-master/STM32CubeWB-master/Drivers/BSP/STM32WB5MM-DK/stm32wb5mm_dk_lcd.c:847:9:BSP_LCD_FillRect	48	static
C:/Workspace/solt_prj/STM32CubeWB-master/STM32CubeWB-master/Drivers/BSP/STM32WB5MM-DK/stm32wb5mm_dk_lcd.c:872:9:BSP_LCD_Clear	40	static
C:/Workspace/solt_prj/STM32CubeWB-master/STM32CubeWB-master/Drivers/BSP/STM32WB5MM-DK/stm32wb5mm_dk_lcd.c:900:10:BSP_LCD_ReadPixel	40	static
C:/Workspace/solt_prj/STM32CubeWB-master/STM32CubeWB-master/Drivers/BSP/STM32WB5MM-DK/stm32wb5mm_dk_lcd.c:927:10:BSP_LCD_WritePixel	40	static
C:/Workspace/solt_prj/STM32CubeWB-master/STM32CubeWB-master/Drivers/BSP/STM32WB5MM-DK/stm32wb5mm_dk_lcd.c:954:9:BSP_LCD_WriteReg	24	static
C:/Workspace/solt_prj/STM32CubeWB-master/STM32CubeWB-master/Drivers/BSP/STM32WB5MM-DK/stm32wb5mm_dk_lcd.c:976:9:BSP_LCD_SendData	24	static
C:/Workspace/solt_prj/STM32CubeWB-master/STM32CubeWB-master/Drivers/BSP/STM32WB5MM-DK/stm32wb5mm_dk_lcd.c:1016:9:BSP_LCD_ReadReg	24	static
C:/Workspace/solt_prj/STM32CubeWB-master/STM32CubeWB-master/Drivers/BSP/STM32WB5MM-DK/stm32wb5mm_dk_lcd.c:1057:13:LCD_MspInit	8	static
C:/Workspace/solt_prj/STM32CubeWB-master/STM32CubeWB-master/Drivers/BSP/STM32WB5MM-DK/stm32wb5mm_dk_lcd.c:1067:13:LCD_MspDeInit	8	static
C:/Workspace/solt_prj/STM32CubeWB-master/STM32CubeWB-master/Drivers/BSP/STM32WB5MM-DK/stm32wb5mm_dk_lcd.c:1079:16:SSD1315_Probe	40	static
C:/Workspace/solt_prj/STM32CubeWB-master/STM32CubeWB-master/Drivers/BSP/STM32WB5MM-DK/stm32wb5mm_dk_lcd.c:1119:16:LCD_IO_Init	32	static
C:/Workspace/solt_prj/STM32CubeWB-master/STM32CubeWB-master/Drivers/BSP/STM32WB5MM-DK/stm32wb5mm_dk_lcd.c:1175:16:LCD_IO_DeInit	8	static
