../../../../../../../Drivers/STM32WBxx_HAL_Driver/Inc/stm32wbxx_ll_bus.h:539:22:LL_AHB2_GRP1_EnableClock	24	static
../../../../../../../Drivers/STM32WBxx_HAL_Driver/Inc/stm32wbxx_ll_bus.h:1274:22:LL_APB2_GRP1_EnableClock	24	static
../../../../../../../Drivers/STM32WBxx_HAL_Driver/Inc/stm32wbxx_ll_bus.h:1328:22:LL_APB2_GRP1_DisableClock	16	static
C:/Workspace/solt_prj/STM32CubeWB-master/STM32CubeWB-master/Drivers/BSP/STM32WB5MM-DK/stm32wb5mm_dk.c:175:9:BSP_GetVersion	4	static
C:/Workspace/solt_prj/STM32CubeWB-master/STM32CubeWB-master/Drivers/BSP/STM32WB5MM-DK/stm32wb5mm_dk.c:188:9:BSP_PWM_LED_Init	32	static
C:/Workspace/solt_prj/STM32CubeWB-master/STM32CubeWB-master/Drivers/BSP/STM32WB5MM-DK/stm32wb5mm_dk.c:237:9:BSP_PWM_LED_DeInit	16	static
C:/Workspace/solt_prj/STM32CubeWB-master/STM32CubeWB-master/Drivers/BSP/STM32WB5MM-DK/stm32wb5mm_dk.c:266:9:BSP_PWM_LED_On	16	static
C:/Workspace/solt_prj/STM32CubeWB-master/STM32CubeWB-master/Drivers/BSP/STM32WB5MM-DK/stm32wb5mm_dk.c:275:9:BSP_PWM_LED_Off	16	static
C:/Workspace/solt_prj/STM32CubeWB-master/STM32CubeWB-master/Drivers/BSP/STM32WB5MM-DK/stm32wb5mm_dk.c:286:9:BSP_PWM_LED_Toggle	16	static
C:/Workspace/solt_prj/STM32CubeWB-master/STM32CubeWB-master/Drivers/BSP/STM32WB5MM-DK/stm32wb5mm_dk.c:302:9:BSP_PWM_LED_GetState	4	static
C:/Workspace/solt_prj/STM32CubeWB-master/STM32CubeWB-master/Drivers/BSP/STM32WB5MM-DK/stm32wb5mm_dk.c:313:6:BSP_PWM_LED_IRQHandler	4	static
C:/Workspace/solt_prj/STM32CubeWB-master/STM32CubeWB-master/Drivers/BSP/STM32WB5MM-DK/stm32wb5mm_dk.c:404:9:BSP_PB_Init	40	static
C:/Workspace/solt_prj/STM32CubeWB-master/STM32CubeWB-master/Drivers/BSP/STM32WB5MM-DK/stm32wb5mm_dk.c:451:9:BSP_PB_DeInit	16	static
C:/Workspace/solt_prj/STM32CubeWB-master/STM32CubeWB-master/Drivers/BSP/STM32WB5MM-DK/stm32wb5mm_dk.c:467:9:BSP_PB_GetState	16	static
C:/Workspace/solt_prj/STM32CubeWB-master/STM32CubeWB-master/Drivers/BSP/STM32WB5MM-DK/stm32wb5mm_dk.c:480:13:BSP_PB_Callback	16	static
C:/Workspace/solt_prj/STM32CubeWB-master/STM32CubeWB-master/Drivers/BSP/STM32WB5MM-DK/stm32wb5mm_dk.c:496:6:BSP_PB_IRQHandler	16	static
C:/Workspace/solt_prj/STM32CubeWB-master/STM32CubeWB-master/Drivers/BSP/STM32WB5MM-DK/stm32wb5mm_dk.c:774:13:BUTTON_USER1_EXTI_Callback	8	static
C:/Workspace/solt_prj/STM32CubeWB-master/STM32CubeWB-master/Drivers/BSP/STM32WB5MM-DK/stm32wb5mm_dk.c:783:13:BUTTON_USER2_EXTI_Callback	8	static
C:/Workspace/solt_prj/STM32CubeWB-master/STM32CubeWB-master/Drivers/BSP/STM32WB5MM-DK/stm32wb5mm_dk.c:852:16:PWM_LED_WriteData	24	static
C:/Workspace/solt_prj/STM32CubeWB-master/STM32CubeWB-master/Drivers/BSP/STM32WB5MM-DK/stm32wb5mm_dk.c:909:13:PWM_LED_SendBit	16	static
C:/Workspace/solt_prj/STM32CubeWB-master/STM32CubeWB-master/Drivers/BSP/STM32WB5MM-DK/stm32wb5mm_dk.c:935:13:PWM_LED_SenByte	16	static
C:/Workspace/solt_prj/STM32CubeWB-master/STM32CubeWB-master/Drivers/BSP/STM32WB5MM-DK/stm32wb5mm_dk.c:952:13:PWM_LED_Wait	24	static
C:/Workspace/solt_prj/STM32CubeWB-master/STM32CubeWB-master/Drivers/BSP/STM32WB5MM-DK/stm32wb5mm_dk.c:966:6:TIM17_MspInit	16	static
C:/Workspace/solt_prj/STM32CubeWB-master/STM32CubeWB-master/Drivers/BSP/STM32WB5MM-DK/stm32wb5mm_dk.c:982:6:TIM17_MspDeInit	16	static
