../Application/User/Core/app_main.c:97:6:SaveFile_RAM	16	static
../Application/User/Core/app_main.c:124:6:setUiUpdate	16	static
../Application/User/Core/app_main.c:134:6:setUiUpdate2	16	static
../Application/User/Core/app_main.c:141:6:clearUiUpdate	4	static
../Application/User/Core/app_main.c:145:9:getUiUpdate	4	static
../Application/User/Core/app_main.c:150:6:setRfUiStatus	16	static
../Application/User/Core/app_main.c:154:14:getRfUiStatus	4	static
../Application/User/Core/app_main.c:159:6:startRfUiTs	16	static
../Application/User/Core/app_main.c:162:6:appRfUiTsCb	8	static
../Application/User/Core/app_main.c:194:11:keyScan	16	static
../Application/User/Core/app_main.c:204:9:tpPosToButton_old	64	static
../Application/User/Core/app_main.c:254:9:tpPosToButton	104	static
../Application/User/Core/app_main.c:340:6:ledModeSet	16	static
../Application/User/Core/app_main.c:348:6:ledBlinkSet	16	static
../Application/User/Core/app_main.c:360:6:ledCtrl	8	static
../Application/User/Core/app_main.c:390:13:appMainThread	16	static
../Application/User/Core/app_main.c:458:6:appMainTsCb	8	static
../Application/User/Core/app_main.c:470:6:appMainInit	8	static
