../Application/User/Core/app_main.c:99:6:SaveFile_RAM	16	static
../Application/User/Core/app_main.c:126:6:setUiUpdate	16	static
../Application/User/Core/app_main.c:136:6:setUiUpdate2	16	static
../Application/User/Core/app_main.c:143:6:clearUiUpdate	4	static
../Application/User/Core/app_main.c:147:9:getUiUpdate	4	static
../Application/User/Core/app_main.c:152:6:setRfUiStatus	16	static
../Application/User/Core/app_main.c:156:14:getRfUiStatus	4	static
../Application/User/Core/app_main.c:161:6:startRfUiTs	16	static
../Application/User/Core/app_main.c:164:6:appRfUiTsCb	8	static
../Application/User/Core/app_main.c:196:11:keyScan	16	static
../Application/User/Core/app_main.c:206:9:tpPosToButton_old	64	static
../Application/User/Core/app_main.c:256:9:tpPosToButton	104	static
../Application/User/Core/app_main.c:342:6:ledOn	16	static
../Application/User/Core/app_main.c:351:6:ledBlinkModeSet	16	static
../Application/User/Core/app_main.c:359:6:ledBlinkSet	16	static
../Application/User/Core/app_main.c:371:6:ledCtrl	8	static
../Application/User/Core/app_main.c:401:6:clearSleepCnt	4	static
../Application/User/Core/app_main.c:406:13:appSleepThread	8	static
../Application/User/Core/app_main.c:419:13:appMainThread	16	static
../Application/User/Core/app_main.c:487:6:appMainTsCb	8	static
../Application/User/Core/app_main.c:500:6:appMainInit	8	static
