../../../../../../../Drivers/STM32WBxx_HAL_Driver/Inc/stm32wbxx_ll_rcc.h:1679:22:LL_RCC_LSE_SetDriveCapability	16	static
../../../../../../../Drivers/STM32WBxx_HAL_Driver/Inc/stm32wbxx_ll_bus.h:364:22:LL_AHB1_GRP1_EnableClock	24	static
../../../../../../../Drivers/STM32WBxx_HAL_Driver/Inc/stm32wbxx_ll_bus.h:539:22:LL_AHB2_GRP1_EnableClock	24	static
../../../../../../../Drivers/STM32WBxx_HAL_Driver/Inc/stm32wbxx_ll_bus.h:597:22:LL_AHB2_GRP1_DisableClock	16	static
../../../../../../../Drivers/STM32WBxx_HAL_Driver/Inc/stm32wbxx_ll_bus.h:773:26:LL_AHB3_GRP1_IsEnabledClock	16	static
../../../../../../../Drivers/STM32WBxx_HAL_Driver/Inc/stm32wbxx_ll_bus.h:1038:22:LL_APB1_GRP1_DisableClock	16	static
../../../../../../../Drivers/STM32WBxx_HAL_Driver/Inc/stm32wbxx_ll_bus.h:1328:22:LL_APB2_GRP1_DisableClock	16	static
../../../../../../../Drivers/STM32WBxx_HAL_Driver/Inc/stm32wbxx_ll_rtc.h:1031:22:LL_RTC_EnableWriteProtection	16	static
../../../../../../../Drivers/STM32WBxx_HAL_Driver/Inc/stm32wbxx_ll_rtc.h:1042:22:LL_RTC_DisableWriteProtection	16	static
../../../../../../../Drivers/STM32WBxx_HAL_Driver/Inc/stm32wbxx_ll_rtc.h:3006:22:LL_RTC_WAKEUP_SetClock	16	static
C:/Workspace/solt_prj/STM32CubeWB-master/STM32CubeWB-master/Projects/STM32WB5MM-DK/Applications/BLE/BLE_HeartRate/Core/Src/main.c:146:6:example_spimem	48	static,ignoring_inline_asm
C:/Workspace/solt_prj/STM32CubeWB-master/STM32CubeWB-master/Projects/STM32WB5MM-DK/Applications/BLE/BLE_HeartRate/Core/Src/main.c:211:6:test_flash	32	static
C:/Workspace/solt_prj/STM32CubeWB-master/STM32CubeWB-master/Projects/STM32WB5MM-DK/Applications/BLE/BLE_HeartRate/Core/Src/main.c:274:6:disable_peripherals	8	static
C:/Workspace/solt_prj/STM32CubeWB-master/STM32CubeWB-master/Projects/STM32WB5MM-DK/Applications/BLE/BLE_HeartRate/Core/Src/main.c:292:5:main	8	static,ignoring_inline_asm
C:/Workspace/solt_prj/STM32CubeWB-master/STM32CubeWB-master/Projects/STM32WB5MM-DK/Applications/BLE/BLE_HeartRate/Core/Src/main.c:408:6:SystemClock_Config	112	static
C:/Workspace/solt_prj/STM32CubeWB-master/STM32CubeWB-master/Projects/STM32WB5MM-DK/Applications/BLE/BLE_HeartRate/Core/Src/main.c:459:6:PeriphCommonClock_Config	88	static
C:/Workspace/solt_prj/STM32CubeWB-master/STM32CubeWB-master/Projects/STM32WB5MM-DK/Applications/BLE/BLE_HeartRate/Core/Src/main.c:497:13:MX_IPCC_Init	8	static
C:/Workspace/solt_prj/STM32CubeWB-master/STM32CubeWB-master/Projects/STM32WB5MM-DK/Applications/BLE/BLE_HeartRate/Core/Src/main.c:523:13:MX_RF_Init	4	static
C:/Workspace/solt_prj/STM32CubeWB-master/STM32CubeWB-master/Projects/STM32WB5MM-DK/Applications/BLE/BLE_HeartRate/Core/Src/main.c:544:13:MX_RTC_Init	8	static
C:/Workspace/solt_prj/STM32CubeWB-master/STM32CubeWB-master/Projects/STM32WB5MM-DK/Applications/BLE/BLE_HeartRate/Core/Src/main.c:588:13:MX_TIM16_Init	8	static
C:/Workspace/solt_prj/STM32CubeWB-master/STM32CubeWB-master/Projects/STM32WB5MM-DK/Applications/BLE/BLE_HeartRate/Core/Src/main.c:620:6:MX_LPUART1_UART_Init	8	static
C:/Workspace/solt_prj/STM32CubeWB-master/STM32CubeWB-master/Projects/STM32WB5MM-DK/Applications/BLE/BLE_HeartRate/Core/Src/main.c:669:6:MX_USART1_UART_Init	8	static
C:/Workspace/solt_prj/STM32CubeWB-master/STM32CubeWB-master/Projects/STM32WB5MM-DK/Applications/BLE/BLE_HeartRate/Core/Src/main.c:715:13:MX_DMA_Init	8	static
C:/Workspace/solt_prj/STM32CubeWB-master/STM32CubeWB-master/Projects/STM32WB5MM-DK/Applications/BLE/BLE_HeartRate/Core/Src/main.c:734:13:MX_GPIO_Init	32	static
C:/Workspace/solt_prj/STM32CubeWB-master/STM32CubeWB-master/Projects/STM32WB5MM-DK/Applications/BLE/BLE_HeartRate/Core/Src/main.c:1128:19:MX_SPI1_Init	16	static
C:/Workspace/solt_prj/STM32CubeWB-master/STM32CubeWB-master/Projects/STM32WB5MM-DK/Applications/BLE/BLE_HeartRate/Core/Src/main.c:1171:13:MX_SPI2_Init	8	static
C:/Workspace/solt_prj/STM32CubeWB-master/STM32CubeWB-master/Projects/STM32WB5MM-DK/Applications/BLE/BLE_HeartRate/Core/Src/main.c:1210:13:MX_QUADSPI_Init	8	static
C:/Workspace/solt_prj/STM32CubeWB-master/STM32CubeWB-master/Projects/STM32WB5MM-DK/Applications/BLE/BLE_HeartRate/Core/Src/main.c:1243:13:MX_I2C1_Init	8	static
C:/Workspace/solt_prj/STM32CubeWB-master/STM32CubeWB-master/Projects/STM32WB5MM-DK/Applications/BLE/BLE_HeartRate/Core/Src/main.c:1287:6:PeriphClock_Config	4	static
C:/Workspace/solt_prj/STM32CubeWB-master/STM32CubeWB-master/Projects/STM32WB5MM-DK/Applications/BLE/BLE_HeartRate/Core/Src/main.c:1344:6:Error_Handler	4	static,ignoring_inline_asm
