C:/Workspace/solt_prj/STM32CubeWB-master/STM32CubeWB-master/Utilities/sequencer/stm32_seq.c:180:6:UTIL_SEQ_Init	16	static
C:/Workspace/solt_prj/STM32CubeWB-master/STM32CubeWB-master/Utilities/sequencer/stm32_seq.c:197:6:UTIL_SEQ_DeInit	4	static
C:/Workspace/solt_prj/STM32CubeWB-master/STM32CubeWB-master/Utilities/sequencer/stm32_seq.c:207:6:UTIL_SEQ_Run	72	static,ignoring_inline_asm
C:/Workspace/solt_prj/STM32CubeWB-master/STM32CubeWB-master/Utilities/sequencer/stm32_seq.c:329:6:UTIL_SEQ_RegTask	40	static,ignoring_inline_asm
C:/Workspace/solt_prj/STM32CubeWB-master/STM32CubeWB-master/Utilities/sequencer/stm32_seq.c:341:6:UTIL_SEQ_SetTask	32	static,ignoring_inline_asm
C:/Workspace/solt_prj/STM32CubeWB-master/STM32CubeWB-master/Utilities/sequencer/stm32_seq.c:353:10:UTIL_SEQ_IsSchedulableTask	40	static,ignoring_inline_asm
C:/Workspace/solt_prj/STM32CubeWB-master/STM32CubeWB-master/Utilities/sequencer/stm32_seq.c:367:6:UTIL_SEQ_PauseTask	32	static,ignoring_inline_asm
C:/Workspace/solt_prj/STM32CubeWB-master/STM32CubeWB-master/Utilities/sequencer/stm32_seq.c:378:10:UTIL_SEQ_IsPauseTask	32	static,ignoring_inline_asm
C:/Workspace/solt_prj/STM32CubeWB-master/STM32CubeWB-master/Utilities/sequencer/stm32_seq.c:389:6:UTIL_SEQ_ResumeTask	32	static,ignoring_inline_asm
C:/Workspace/solt_prj/STM32CubeWB-master/STM32CubeWB-master/Utilities/sequencer/stm32_seq.c:400:6:UTIL_SEQ_SetEvt	32	static,ignoring_inline_asm
C:/Workspace/solt_prj/STM32CubeWB-master/STM32CubeWB-master/Utilities/sequencer/stm32_seq.c:411:6:UTIL_SEQ_ClrEvt	32	static,ignoring_inline_asm
C:/Workspace/solt_prj/STM32CubeWB-master/STM32CubeWB-master/Utilities/sequencer/stm32_seq.c:422:6:UTIL_SEQ_WaitEvt	40	static,ignoring_inline_asm
C:/Workspace/solt_prj/STM32CubeWB-master/STM32CubeWB-master/Utilities/sequencer/stm32_seq.c:475:15:UTIL_SEQ_IsEvtPend	16	static
C:/Workspace/solt_prj/STM32CubeWB-master/STM32CubeWB-master/Utilities/sequencer/stm32_seq.c:481:13:UTIL_SEQ_EvtIdle	16	static
C:/Workspace/solt_prj/STM32CubeWB-master/STM32CubeWB-master/Utilities/sequencer/stm32_seq.c:488:13:UTIL_SEQ_Idle	4	static
C:/Workspace/solt_prj/STM32CubeWB-master/STM32CubeWB-master/Utilities/sequencer/stm32_seq.c:493:13:UTIL_SEQ_PreIdle	4	static
C:/Workspace/solt_prj/STM32CubeWB-master/STM32CubeWB-master/Utilities/sequencer/stm32_seq.c:501:13:UTIL_SEQ_PostIdle	4	static
C:/Workspace/solt_prj/STM32CubeWB-master/STM32CubeWB-master/Utilities/sequencer/stm32_seq.c:543:9:SEQ_BitPosition	24	static
