../../../../../../../Drivers/STM32WBxx_HAL_Driver/Inc/stm32wbxx_ll_system.h:2223:26:LL_FLASH_GetUDN	4	static
../../../../../../../Drivers/STM32WBxx_HAL_Driver/Inc/stm32wbxx_ll_system.h:2235:26:LL_FLASH_GetDeviceID	4	static
../../../../../../../Drivers/STM32WBxx_HAL_Driver/Inc/stm32wbxx_ll_system.h:2247:26:LL_FLASH_GetSTCompanyID	4	static
C:/Workspace/solt_prj/STM32CubeWB-master/STM32CubeWB-master/Projects/STM32WB5MM-DK/Applications/BLE/BLE_Sensor/STM32_WPAN/App/app_ble.c:385:6:APP_BLE_Init	216	static
C:/Workspace/solt_prj/STM32CubeWB-master/STM32CubeWB-master/Projects/STM32WB5MM-DK/Applications/BLE/BLE_Sensor/STM32_WPAN/App/app_ble.c:583:28:SVCCTL_App_Notification	80	static
C:/Workspace/solt_prj/STM32CubeWB-master/STM32CubeWB-master/Projects/STM32WB5MM-DK/Applications/BLE/BLE_Sensor/STM32_WPAN/App/app_ble.c:824:22:APP_BLE_Get_Server_Connection_Status	4	static
C:/Workspace/solt_prj/STM32CubeWB-master/STM32CubeWB-master/Projects/STM32WB5MM-DK/Applications/BLE/BLE_Sensor/STM32_WPAN/App/app_ble.c:830:6:APP_BLE_Key_Button1_Action	8	static
C:/Workspace/solt_prj/STM32CubeWB-master/STM32CubeWB-master/Projects/STM32WB5MM-DK/Applications/BLE/BLE_Sensor/STM32_WPAN/App/app_ble.c:841:13:Ble_Tl_Init	16	static
C:/Workspace/solt_prj/STM32CubeWB-master/STM32CubeWB-master/Projects/STM32WB5MM-DK/Applications/BLE/BLE_Sensor/STM32_WPAN/App/app_ble.c:852:13:Ble_Hci_Gap_Gatt_Init	72	static
C:/Workspace/solt_prj/STM32CubeWB-master/STM32CubeWB-master/Projects/STM32WB5MM-DK/Applications/BLE/BLE_Sensor/STM32_WPAN/App/app_ble.c:1126:13:Adv_Request	56	static
C:/Workspace/solt_prj/STM32CubeWB-master/STM32CubeWB-master/Projects/STM32WB5MM-DK/Applications/BLE/BLE_Sensor/STM32_WPAN/App/app_ble.c:1216:16:BleGetBdAddress	32	static
C:/Workspace/solt_prj/STM32CubeWB-master/STM32CubeWB-master/Projects/STM32WB5MM-DK/Applications/BLE/BLE_Sensor/STM32_WPAN/App/app_ble.c:1273:13:Adv_Cancel	16	static
C:/Workspace/solt_prj/STM32CubeWB-master/STM32CubeWB-master/Projects/STM32WB5MM-DK/Applications/BLE/BLE_Sensor/STM32_WPAN/App/app_ble.c:1304:13:Adv_Cancel_Req	8	static
C:/Workspace/solt_prj/STM32CubeWB-master/STM32CubeWB-master/Projects/STM32WB5MM-DK/Applications/BLE/BLE_Sensor/STM32_WPAN/App/app_ble.c:1319:13:Switch_OFF_GPIO	4	static
C:/Workspace/solt_prj/STM32CubeWB-master/STM32CubeWB-master/Projects/STM32WB5MM-DK/Applications/BLE/BLE_Sensor/STM32_WPAN/App/app_ble.c:1384:6:hci_notify_asynch_evt	16	static
C:/Workspace/solt_prj/STM32CubeWB-master/STM32CubeWB-master/Projects/STM32WB5MM-DK/Applications/BLE/BLE_Sensor/STM32_WPAN/App/app_ble.c:1391:6:hci_cmd_resp_release	16	static
C:/Workspace/solt_prj/STM32CubeWB-master/STM32CubeWB-master/Projects/STM32WB5MM-DK/Applications/BLE/BLE_Sensor/STM32_WPAN/App/app_ble.c:1398:6:hci_cmd_resp_wait	16	static
C:/Workspace/solt_prj/STM32CubeWB-master/STM32CubeWB-master/Projects/STM32WB5MM-DK/Applications/BLE/BLE_Sensor/STM32_WPAN/App/app_ble.c:1405:13:BLE_UserEvtRx	24	static
C:/Workspace/solt_prj/STM32CubeWB-master/STM32CubeWB-master/Projects/STM32WB5MM-DK/Applications/BLE/BLE_Sensor/STM32_WPAN/App/app_ble.c:1425:13:BLE_StatusNot	24	static
C:/Workspace/solt_prj/STM32CubeWB-master/STM32CubeWB-master/Projects/STM32WB5MM-DK/Applications/BLE/BLE_Sensor/STM32_WPAN/App/app_ble.c:1464:6:SVCCTL_ResumeUserEventFlow	8	static
