C:/Workspace/solt_prj/STM32CubeWB-master/STM32CubeWB-master/Projects/STM32WB5MM-DK/Applications/BLE/BLE_Sensor/STM32_WPAN/App/motion_server_app.c:75:6:MOTION_Context_Init	8	static
C:/Workspace/solt_prj/STM32CubeWB-master/STM32CubeWB-master/Projects/STM32WB5MM-DK/Applications/BLE/BLE_Sensor/STM32_WPAN/App/motion_server_app.c:93:6:MOTION_Set_Notification_Status	16	static
C:/Workspace/solt_prj/STM32CubeWB-master/STM32CubeWB-master/Projects/STM32WB5MM-DK/Applications/BLE/BLE_Sensor/STM32_WPAN/App/motion_server_app.c:108:6:MOTION_Send_Notification_Task	24	static
C:/Workspace/solt_prj/STM32CubeWB-master/STM32CubeWB-master/Projects/STM32WB5MM-DK/Applications/BLE/BLE_Sensor/STM32_WPAN/App/motion_server_app.c:161:13:MOTION_Handle_Sensor	144	static
C:/Workspace/solt_prj/STM32CubeWB-master/STM32CubeWB-master/Projects/STM32WB5MM-DK/Applications/BLE/BLE_Sensor/STM32_WPAN/App/motion_server_app.c:223:13:MOTION_GetCaps	4	static
