../../../../../../../Drivers/STM32WBxx_HAL_Driver/Inc/stm32wbxx_ll_exti.h:391:22:LL_EXTI_EnableIT_32_63	16	static
../../../../../../../Drivers/STM32WBxx_HAL_Driver/Inc/stm32wbxx_ll_bus.h:539:22:LL_AHB2_GRP1_EnableClock	24	static
../../../../../../../Drivers/STM32WBxx_HAL_Driver/Inc/stm32wbxx_ll_bus.h:1636:22:LL_C2_AHB2_GRP1_EnableClock	24	static
C:/Workspace/solt_prj/STM32CubeWB-master/STM32CubeWB-master/Projects/STM32WB5MM-DK/Applications/BLE/BLE_Sensor/Core/Src/app_debug.c:179:6:APPD_Init	8	static
C:/Workspace/solt_prj/STM32CubeWB-master/STM32CubeWB-master/Projects/STM32WB5MM-DK/Applications/BLE/BLE_Sensor/Core/Src/app_debug.c:231:6:APPD_EnableCPU2	48	static
C:/Workspace/solt_prj/STM32CubeWB-master/STM32CubeWB-master/Projects/STM32WB5MM-DK/Applications/BLE/BLE_Sensor/Core/Src/app_debug.c:260:13:APPD_SetCPU2GpioConfig	40	static
C:/Workspace/solt_prj/STM32CubeWB-master/STM32CubeWB-master/Projects/STM32WB5MM-DK/Applications/BLE/BLE_Sensor/Core/Src/app_debug.c:332:13:APPD_BleDtbCfg	4	static
C:/Workspace/solt_prj/STM32CubeWB-master/STM32CubeWB-master/Projects/STM32WB5MM-DK/Applications/BLE/BLE_Sensor/Core/Src/app_debug.c:396:6:DbgOutputInit	8	static
C:/Workspace/solt_prj/STM32CubeWB-master/STM32CubeWB-master/Projects/STM32WB5MM-DK/Applications/BLE/BLE_Sensor/Core/Src/app_debug.c:418:6:DbgOutputTraces	24	static
