C:/Workspace/solt_prj/STM32CubeWB-master/STM32CubeWB-master/Projects/STM32WB5MM-DK/Applications/BLE/BLE_Sensor/Core/Src/app_vl53l0x.c:52:6:VL53L0X_PROXIMITY_Init	112	static
C:/Workspace/solt_prj/STM32CubeWB-master/STM32CubeWB-master/Projects/STM32WB5MM-DK/Applications/BLE/BLE_Sensor/Core/Src/app_vl53l0x.c:97:6:VL53L0X_Start_Measure	8	static
C:/Workspace/solt_prj/STM32CubeWB-master/STM32CubeWB-master/Projects/STM32WB5MM-DK/Applications/BLE/BLE_Sensor/Core/Src/app_vl53l0x.c:103:6:VL53L0X_Stop_Measure	8	static
C:/Workspace/solt_prj/STM32CubeWB-master/STM32CubeWB-master/Projects/STM32WB5MM-DK/Applications/BLE/BLE_Sensor/Core/Src/app_vl53l0x.c:115:13:VL53L0X_PROXIMITY_Update_Timer_Callback	8	static
C:/Workspace/solt_prj/STM32CubeWB-master/STM32CubeWB-master/Projects/STM32WB5MM-DK/Applications/BLE/BLE_Sensor/Core/Src/app_vl53l0x.c:125:10:VL53L0X_PROXIMITY_GetDistance	40	static
C:/Workspace/solt_prj/STM32CubeWB-master/STM32CubeWB-master/Projects/STM32WB5MM-DK/Applications/BLE/BLE_Sensor/Core/Src/app_vl53l0x.c:139:6:VL53L0X_PROXIMITY_PrintValue	32	static
