C:/Workspace/solt_prj/STM32CubeWB-master/STM32CubeWB-master/Projects/STM32WB5MM-DK/Applications/BLE/BLE_Sensor/Core/Src/stm32wbxx_it.c:71:6:NMI_Handler	4	static
C:/Workspace/solt_prj/STM32CubeWB-master/STM32CubeWB-master/Projects/STM32WB5MM-DK/Applications/BLE/BLE_Sensor/Core/Src/stm32wbxx_it.c:86:6:HardFault_Handler	4	static
C:/Workspace/solt_prj/STM32CubeWB-master/STM32CubeWB-master/Projects/STM32WB5MM-DK/Applications/BLE/BLE_Sensor/Core/Src/stm32wbxx_it.c:101:6:MemManage_Handler	4	static
C:/Workspace/solt_prj/STM32CubeWB-master/STM32CubeWB-master/Projects/STM32WB5MM-DK/Applications/BLE/BLE_Sensor/Core/Src/stm32wbxx_it.c:116:6:BusFault_Handler	4	static
C:/Workspace/solt_prj/STM32CubeWB-master/STM32CubeWB-master/Projects/STM32WB5MM-DK/Applications/BLE/BLE_Sensor/Core/Src/stm32wbxx_it.c:131:6:UsageFault_Handler	4	static
C:/Workspace/solt_prj/STM32CubeWB-master/STM32CubeWB-master/Projects/STM32WB5MM-DK/Applications/BLE/BLE_Sensor/Core/Src/stm32wbxx_it.c:146:6:SVC_Handler	4	static
C:/Workspace/solt_prj/STM32CubeWB-master/STM32CubeWB-master/Projects/STM32WB5MM-DK/Applications/BLE/BLE_Sensor/Core/Src/stm32wbxx_it.c:159:6:DebugMon_Handler	4	static
C:/Workspace/solt_prj/STM32CubeWB-master/STM32CubeWB-master/Projects/STM32WB5MM-DK/Applications/BLE/BLE_Sensor/Core/Src/stm32wbxx_it.c:172:6:PendSV_Handler	4	static
C:/Workspace/solt_prj/STM32CubeWB-master/STM32CubeWB-master/Projects/STM32WB5MM-DK/Applications/BLE/BLE_Sensor/Core/Src/stm32wbxx_it.c:185:6:SysTick_Handler	8	static
C:/Workspace/solt_prj/STM32CubeWB-master/STM32CubeWB-master/Projects/STM32WB5MM-DK/Applications/BLE/BLE_Sensor/Core/Src/stm32wbxx_it.c:206:6:USART1_IRQHandler	8	static
C:/Workspace/solt_prj/STM32CubeWB-master/STM32CubeWB-master/Projects/STM32WB5MM-DK/Applications/BLE/BLE_Sensor/Core/Src/stm32wbxx_it.c:220:6:HSEM_IRQHandler	8	static
C:/Workspace/solt_prj/STM32CubeWB-master/STM32CubeWB-master/Projects/STM32WB5MM-DK/Applications/BLE/BLE_Sensor/Core/Src/stm32wbxx_it.c:234:6:DMA2_Channel4_IRQHandler	8	static
C:/Workspace/solt_prj/STM32CubeWB-master/STM32CubeWB-master/Projects/STM32WB5MM-DK/Applications/BLE/BLE_Sensor/Core/Src/stm32wbxx_it.c:250:6:IPCC_C1_RX_IRQHandler	8	static
C:/Workspace/solt_prj/STM32CubeWB-master/STM32CubeWB-master/Projects/STM32WB5MM-DK/Applications/BLE/BLE_Sensor/Core/Src/stm32wbxx_it.c:264:6:IPCC_C1_TX_IRQHandler	8	static
C:/Workspace/solt_prj/STM32CubeWB-master/STM32CubeWB-master/Projects/STM32WB5MM-DK/Applications/BLE/BLE_Sensor/Core/Src/stm32wbxx_it.c:280:6:EXTI15_10_IRQHandler	8	static
C:/Workspace/solt_prj/STM32CubeWB-master/STM32CubeWB-master/Projects/STM32WB5MM-DK/Applications/BLE/BLE_Sensor/Core/Src/stm32wbxx_it.c:291:6:TIM1_TRG_COM_TIM17_IRQHandler	8	static
C:/Workspace/solt_prj/STM32CubeWB-master/STM32CubeWB-master/Projects/STM32WB5MM-DK/Applications/BLE/BLE_Sensor/Core/Src/stm32wbxx_it.c:296:6:RTC_WKUP_IRQHandler	8	static
