../../../../../../../Drivers/STM32WBxx_HAL_Driver/Inc/stm32wbxx_ll_system.h:2223:26:LL_FLASH_GetUDN	4	static
../../../../../../../Drivers/STM32WBxx_HAL_Driver/Inc/stm32wbxx_ll_system.h:2235:26:LL_FLASH_GetDeviceID	4	static
../../../../../../../Drivers/STM32WBxx_HAL_Driver/Inc/stm32wbxx_ll_system.h:2247:26:LL_FLASH_GetSTCompanyID	4	static
C:/Workspace/solt_prj/STM32CubeWB-master/STM32CubeWB-master/Projects/STM32WB5MM-DK/Applications/BLE/BLE_HeartRate/STM32_WPAN/App/app_ble.c:268:6:APP_BLE_Init	216	static
C:/Workspace/solt_prj/STM32CubeWB-master/STM32CubeWB-master/Projects/STM32WB5MM-DK/Applications/BLE/BLE_HeartRate/STM32_WPAN/App/app_ble.c:444:28:SVCCTL_App_Notification	112	static
C:/Workspace/solt_prj/STM32CubeWB-master/STM32CubeWB-master/Projects/STM32WB5MM-DK/Applications/BLE/BLE_HeartRate/STM32_WPAN/App/app_ble.c:747:22:APP_BLE_Get_Server_Connection_Status	4	static
C:/Workspace/solt_prj/STM32CubeWB-master/STM32CubeWB-master/Projects/STM32WB5MM-DK/Applications/BLE/BLE_HeartRate/STM32_WPAN/App/app_ble.c:753:6:APP_BLE_Key_Button1_Action	16	static
C:/Workspace/solt_prj/STM32CubeWB-master/STM32CubeWB-master/Projects/STM32WB5MM-DK/Applications/BLE/BLE_HeartRate/STM32_WPAN/App/app_ble.c:768:6:APP_BLE_Key_Button2_Action	16	static
C:/Workspace/solt_prj/STM32CubeWB-master/STM32CubeWB-master/Projects/STM32WB5MM-DK/Applications/BLE/BLE_HeartRate/STM32_WPAN/App/app_ble.c:791:13:Ble_Tl_Init	16	static
C:/Workspace/solt_prj/STM32CubeWB-master/STM32CubeWB-master/Projects/STM32WB5MM-DK/Applications/BLE/BLE_HeartRate/STM32_WPAN/App/app_ble.c:802:13:Ble_Hci_Gap_Gatt_Init	72	static
C:/Workspace/solt_prj/STM32CubeWB-master/STM32CubeWB-master/Projects/STM32WB5MM-DK/Applications/BLE/BLE_HeartRate/STM32_WPAN/App/app_ble.c:1076:13:Adv_Request	56	static
C:/Workspace/solt_prj/STM32CubeWB-master/STM32CubeWB-master/Projects/STM32WB5MM-DK/Applications/BLE/BLE_HeartRate/STM32_WPAN/App/app_ble.c:1166:16:BleGetBdAddress	32	static
C:/Workspace/solt_prj/STM32CubeWB-master/STM32CubeWB-master/Projects/STM32WB5MM-DK/Applications/BLE/BLE_HeartRate/STM32_WPAN/App/app_ble.c:1223:13:Add_Advertisment_Service_UUID	16	static
C:/Workspace/solt_prj/STM32CubeWB-master/STM32CubeWB-master/Projects/STM32WB5MM-DK/Applications/BLE/BLE_HeartRate/STM32_WPAN/App/app_ble.c:1235:13:Adv_Mgr	8	static
C:/Workspace/solt_prj/STM32CubeWB-master/STM32CubeWB-master/Projects/STM32WB5MM-DK/Applications/BLE/BLE_HeartRate/STM32_WPAN/App/app_ble.c:1247:13:Adv_Update	8	static
C:/Workspace/solt_prj/STM32CubeWB-master/STM32CubeWB-master/Projects/STM32WB5MM-DK/Applications/BLE/BLE_HeartRate/STM32_WPAN/App/app_ble.c:1262:6:hci_notify_asynch_evt	16	static
C:/Workspace/solt_prj/STM32CubeWB-master/STM32CubeWB-master/Projects/STM32WB5MM-DK/Applications/BLE/BLE_HeartRate/STM32_WPAN/App/app_ble.c:1269:6:hci_cmd_resp_release	16	static
C:/Workspace/solt_prj/STM32CubeWB-master/STM32CubeWB-master/Projects/STM32WB5MM-DK/Applications/BLE/BLE_HeartRate/STM32_WPAN/App/app_ble.c:1276:6:hci_cmd_resp_wait	16	static
C:/Workspace/solt_prj/STM32CubeWB-master/STM32CubeWB-master/Projects/STM32WB5MM-DK/Applications/BLE/BLE_HeartRate/STM32_WPAN/App/app_ble.c:1283:13:BLE_UserEvtRx	24	static
C:/Workspace/solt_prj/STM32CubeWB-master/STM32CubeWB-master/Projects/STM32WB5MM-DK/Applications/BLE/BLE_HeartRate/STM32_WPAN/App/app_ble.c:1303:13:BLE_StatusNot	24	static
C:/Workspace/solt_prj/STM32CubeWB-master/STM32CubeWB-master/Projects/STM32WB5MM-DK/Applications/BLE/BLE_HeartRate/STM32_WPAN/App/app_ble.c:1342:6:SVCCTL_ResumeUserEventFlow	8	static
