C:/Workspace/solt_prj/STM32CubeWB-master/STM32CubeWB-master/Projects/STM32WB5MM-DK/Applications/BLE/BLE_HeartRate/STM32_WPAN/App/hrs_app.c:215:6:HRS_Notification	16	static
C:/Workspace/solt_prj/STM32CubeWB-master/STM32CubeWB-master/Projects/STM32WB5MM-DK/Applications/BLE/BLE_HeartRate/STM32_WPAN/App/hrs_app.c:271:6:HRSAPP_Init	16	static
C:/Workspace/solt_prj/STM32CubeWB-master/STM32CubeWB-master/Projects/STM32WB5MM-DK/Applications/BLE/BLE_HeartRate/STM32_WPAN/App/hrs_app.c:318:13:HRSAPP_Measurement	40	static
C:/Workspace/solt_prj/STM32CubeWB-master/STM32CubeWB-master/Projects/STM32WB5MM-DK/Applications/BLE/BLE_HeartRate/STM32_WPAN/App/hrs_app.c:356:13:HrMeas	8	static
C:/Workspace/solt_prj/STM32CubeWB-master/STM32CubeWB-master/Projects/STM32WB5MM-DK/Applications/BLE/BLE_HeartRate/STM32_WPAN/App/hrs_app.c:371:17:HRSAPP_Read_RTC_SSR_SS	4	static
C:/Workspace/solt_prj/STM32CubeWB-master/STM32CubeWB-master/Projects/STM32WB5MM-DK/Applications/BLE/BLE_HeartRate/STM32_WPAN/App/hrs_app.c:378:6:LCD_DrawIcon	40	static
