../Device/Memory/flash_datastorage.c:80:6:ErasePageFlash	24	static
../Device/Memory/flash_datastorage.c:96:6:ReadFlash	32	static
../Device/Memory/flash_datastorage.c:116:6:WriteFlash	32	static
../Device/Memory/flash_datastorage.c:141:12:FDS_makeFilePathInfo	16	static
../Device/Memory/flash_datastorage.c:145:12:findEmptyBlockAddr	368	static
../Device/Memory/flash_datastorage.c:191:16:findBlockAddr	376	static
../Device/Memory/flash_datastorage.c:250:5:FDS_MakePath	24	static
../Device/Memory/flash_datastorage.c:272:9:FDS_GetFileAddress	32	static
../Device/Memory/flash_datastorage.c:290:9:FDS_SearchPath	376	static
../Device/Memory/flash_datastorage.c:342:9:FDS_Write	704	static
../Device/Memory/flash_datastorage.c:431:9:FDS_Read	688	static
../Device/Memory/flash_datastorage.c:503:5:FDS_ReadSize	360	static
../Device/Memory/flash_datastorage.c:527:9:FDS_ReadAddr	376	static
../Device/Memory/flash_datastorage.c:575:9:FDS_Delete	368	static
../Device/Memory/flash_datastorage.c:610:9:FDS_DeleteAddr	360	static
../Device/Memory/flash_datastorage.c:635:6:FDS_DeleteAll	16	static
../Device/Memory/flash_datastorage.c:645:9:FDS_BlSaveFile	32	static
