../../../../../../../Drivers/STM32WBxx_HAL_Driver/Inc/stm32wbxx_ll_bus.h:539:22:LL_AHB2_GRP1_EnableClock	24	static
../Device/Rf/radio_hal.c:93:6:vRfGpioInit	32	static
../Device/Rf/radio_hal.c:162:6:vRfSetDout	32	static
../Device/Rf/radio_hal.c:178:6:vRfEnableGpioInt	16	static
../Device/Rf/radio_hal.c:204:6:vRfDisableGpioInt	16	static
../Device/Rf/radio_hal.c:231:6:vRfConfigGpioOutput	40	static
../Device/Rf/radio_hal.c:250:6:vRfConfigGpioInput	40	static
../Device/Rf/radio_hal.c:264:6:vRfSpiInit	8	static
../Device/Rf/radio_hal.c:326:6:vRfSpiWriteByte	24	static
../Device/Rf/radio_hal.c:360:6:vRfSpiReadByte	16	static
../Device/Rf/radio_hal.c:399:6:vRfSpiBurstWrite	16	static
../Device/Rf/radio_hal.c:432:6:vRfSpiBurstRead	16	static
../Device/Rf/radio_hal.c:458:6:rf_delay_1us	4	static,ignoring_inline_asm
../Device/Rf/radio_hal.c:466:6:rf_delay_us	16	static
../Device/Rf/radio_hal.c:472:6:rf_delay_ms	16	static
