../../../../../../../Drivers/STM32WBxx_HAL_Driver/Inc/stm32wbxx_ll_bus.h:539:22:LL_AHB2_GRP1_EnableClock	24	static
../Device/Rf/radio_hal.c:93:6:vRfGpioInit	32	static
../Device/Rf/radio_hal.c:160:6:vRfEnableGpioInt	16	static
../Device/Rf/radio_hal.c:186:6:vRfDisableGpioInt	16	static
../Device/Rf/radio_hal.c:213:6:vRfConfigGpioOutput	40	static
../Device/Rf/radio_hal.c:232:6:vRfConfigGpioInput	40	static
../Device/Rf/radio_hal.c:246:6:vRfSpiInit	8	static
../Device/Rf/radio_hal.c:308:6:vRfSpiWriteByte	24	static
../Device/Rf/radio_hal.c:342:6:vRfSpiReadByte	16	static
../Device/Rf/radio_hal.c:381:6:vRfSpiBurstWrite	16	static
../Device/Rf/radio_hal.c:414:6:vRfSpiBurstRead	16	static
