../Device/Rf/radio_mac.c:57:9:bRadioGetCurrentChannel	16	static
../Device/Rf/radio_mac.c:70:6:vRadioSetTxSeqNumberInitValue	16	static
../Device/Rf/radio_mac.c:82:10:wRadioGetTxSeqNumberCurrent	24	static
../Device/Rf/radio_mac.c:101:6:vRadioSetTxFCS2	16	static
../Device/Rf/radio_mac.c:112:9:bRadioGetRxFCS2	24	static
../Device/Rf/radio_mac.c:127:6:vRadioSetPayloadLength	24	static
../Device/Rf/radio_mac.c:146:10:wRadioGetPayloadLength	24	static
../Device/Rf/radio_mac.c:169:6:vRadioCfgPreamble	24	static
../Device/Rf/radio_mac.c:198:6:vRadioCfgSyncWord	24	static
../Device/Rf/radio_mac.c:227:6:vRadioCfgNodeAddr	24	static
../Device/Rf/radio_mac.c:255:6:vRadioCfgCrc	24	static
../Device/Rf/radio_mac.c:293:6:vRadioCfgCodeFormat	24	static
../Device/Rf/radio_mac.c:322:6:vRadioCfgFrameFormat	24	static
../Device/Rf/radio_mac.c:352:6:vRadioCfgDatamodeFormat	16	static
../Device/Rf/radio_mac.c:363:6:vRadioCdrTracingModeCfg	16	static
../Device/Rf/radio_mac.c:391:6:vRadioCfgWorkMode	16	static
../Device/Rf/radio_mac.c:433:6:vRadioReadRunModeCfg	24	static
../Device/Rf/radio_mac.c:485:9:bRadioGetTxDutyCycleDoneTimes	24	static
../Device/Rf/radio_mac.c:499:9:bRadioGetTxResendDoneTimes	24	static
../Device/Rf/radio_mac.c:513:9:bRadioGetCMSADoneTimes	24	static
../Device/Rf/radio_mac.c:527:6:vRadioSendWithAck	24	static
../Device/Rf/radio_mac.c:548:6:vRadioEnableTxAck	16	static
../Device/Rf/radio_mac.c:569:6:vRadioEnableRxAck	16	static
../Device/Rf/radio_mac.c:588:9:bRadioGetFreqChanl	16	static
../Device/Rf/radio_mac.c:602:6:vRadioCsmaEnable	16	static
../Device/Rf/radio_mac.c:623:6:vRadioSetRssiAbsThValue	16	static
../Device/Rf/radio_mac.c:640:6:vRadioSetPjdDetWin	16	static
