../Device/Rf/radio_drv.c:62:6:vRadioInterfaceInit	8	static
../Device/Rf/radio_drv.c:72:6:vRadioInterfaceDeinit	8	static
../Device/Rf/radio_drv.c:90:6:vRadioReadReg	16	static
../Device/Rf/radio_drv.c:101:6:vRadioWriteReg	16	static
../Device/Rf/radio_drv.c:112:6:vRadioSetReg	24	static
../Device/Rf/radio_drv.c:127:6:vRadioLoadRegs	24	static
../Device/Rf/radio_drv.c:143:6:vRadioStoreRegs	24	static
../Device/Rf/radio_drv.c:159:6:vRadioBurstReadRegs	16	static
../Device/Rf/radio_drv.c:170:6:vRadioBurstWriteRegs	16	static
../Device/Rf/radio_drv.c:181:6:vRadioReadFifo	24	static
../Device/Rf/radio_drv.c:199:6:vRadioWriteFifo	24	static
../Device/Rf/radio_drv.c:217:6:vRadioReadTxFifo	24	static
../Device/Rf/radio_drv.c:244:6:vRadioSelSpiMode	16	static
../Device/Rf/radio_drv.c:268:6:vRadioSetTxDin	16	static
../Device/Rf/radio_drv.c:299:6:vRadioSetDigClkOut	16	static
../Device/Rf/radio_drv.c:320:6:vRadioSetLfxoPad	16	static
../Device/Rf/radio_drv.c:344:6:vRadioSetGpio0	16	static
../Device/Rf/radio_drv.c:359:6:vRadioSetGpio1	16	static
../Device/Rf/radio_drv.c:375:6:vRadioSetGpio2	16	static
../Device/Rf/radio_drv.c:391:6:vRadioSetGpio3	16	static
../Device/Rf/radio_drv.c:407:6:vRadioSetGpio4	16	static
../Device/Rf/radio_drv.c:423:6:vRadioSetGpio5	16	static
../Device/Rf/radio_drv.c:440:6:vRadioSetNirq	16	static
../Device/Rf/radio_drv.c:452:6:vRadioSelTcxoDrv	16	static
../Device/Rf/radio_drv.c:476:6:vRadioSelRegPage	16	static
../Device/Rf/radio_drv.c:494:6:vRadioPowerUpBoot	8	static
../Device/Rf/radio_drv.c:505:6:vRadioSoftReset	8	static
../Device/Rf/radio_drv.c:519:6:vRadioSetPaOutputMode	16	static
../Device/Rf/radio_drv.c:546:6:vRadioSetTxDataInverse	16	static
../Device/Rf/radio_drv.c:566:6:vRadioSetAntSwitch	24	static
../Device/Rf/radio_drv.c:588:6:vRadioDcdcCfg	16	static
../Device/Rf/radio_drv.c:610:6:vRadioDcdcFreqCfg	16	static
../Device/Rf/radio_drv.c:623:6:vRadioDcdcVoltageCfg	16	static
../Device/Rf/radio_drv.c:637:6:vRadioCapLoad	16	static
../Device/Rf/radio_drv.c:653:6:vRadioLfoscCfg	16	static
../Device/Rf/radio_drv.c:679:6:vRadioXoWaitCfg	16	static
