../Device/Rf/radio_cmt.c:104:6:vRadioDCTimerConfig	16	static
../Device/Rf/radio_cmt.c:152:6:vRadioTxInit	8	static
../Device/Rf/radio_cmt.c:329:6:vRadioRxInit	8	static
../Device/Rf/radio_cmt.c:556:6:vRadioClearInterrupt	8	static
../Device/Rf/radio_cmt.c:595:6:vRadioReadAllStatus	8	static
../Device/Rf/radio_cmt.c:616:6:vRadioGoTxInit	4	static,ignoring_inline_asm
../Device/Rf/radio_cmt.c:627:6:vRadioGoRxInit	4	static,ignoring_inline_asm
../Device/Rf/radio_cmt.c:638:6:vRadioSend	16	static,ignoring_inline_asm
../Device/Rf/radio_cmt.c:649:6:vRadioEnPreamIrq	16	static
../Device/Rf/radio_cmt.c:667:6:vRadioEnSyncIrq	16	static
../Device/Rf/radio_cmt.c:685:6:vRadioEnDclkIrq	16	static
../Device/Rf/radio_cmt.c:713:6:vRadioStartDC	8	static
../Device/Rf/radio_cmt.c:730:6:vRadioStopDCGoRx	8	static
