../Device/Rf/radio_drv.c:58:6:vRadioInterfaceInit	8	static
../Device/Rf/radio_drv.c:73:6:vRadioReadReg	16	static
../Device/Rf/radio_drv.c:84:6:vRadioWriteReg	16	static
../Device/Rf/radio_drv.c:95:6:vRadioSetReg	24	static
../Device/Rf/radio_drv.c:110:6:vRadioLoadRegs	24	static
../Device/Rf/radio_drv.c:126:6:vRadioStoreRegs	24	static
../Device/Rf/radio_drv.c:142:6:vRadioBurstReadRegs	16	static
../Device/Rf/radio_drv.c:153:6:vRadioBurstWriteRegs	16	static
../Device/Rf/radio_drv.c:164:6:vRadioReadFifo	24	static
../Device/Rf/radio_drv.c:182:6:vRadioWriteFifo	24	static
../Device/Rf/radio_drv.c:200:6:vRadioReadTxFifo	24	static
../Device/Rf/radio_drv.c:227:6:vRadioSelSpiMode	16	static
../Device/Rf/radio_drv.c:251:6:vRadioSetTxDin	16	static
../Device/Rf/radio_drv.c:276:6:vRadioSetDigClkOut	16	static
../Device/Rf/radio_drv.c:297:6:vRadioSetLfxoPad	16	static
../Device/Rf/radio_drv.c:321:6:vRadioSetGpio0	16	static
../Device/Rf/radio_drv.c:336:6:vRadioSetGpio1	16	static
../Device/Rf/radio_drv.c:352:6:vRadioSetGpio2	16	static
../Device/Rf/radio_drv.c:368:6:vRadioSetGpio3	16	static
../Device/Rf/radio_drv.c:384:6:vRadioSetGpio4	16	static
../Device/Rf/radio_drv.c:400:6:vRadioSetGpio5	16	static
../Device/Rf/radio_drv.c:417:6:vRadioSetNirq	16	static
../Device/Rf/radio_drv.c:429:6:vRadioSelTcxoDrv	16	static
../Device/Rf/radio_drv.c:453:6:vRadioSelRegPage	16	static
../Device/Rf/radio_drv.c:471:6:vRadioPowerUpBoot	8	static
../Device/Rf/radio_drv.c:482:6:vRadioSoftReset	8	static
../Device/Rf/radio_drv.c:496:6:vRadioSetPaOutputMode	16	static
../Device/Rf/radio_drv.c:523:6:vRadioSetTxDataInverse	16	static
../Device/Rf/radio_drv.c:543:6:vRadioSetAntSwitch	24	static
../Device/Rf/radio_drv.c:565:6:vRadioDcdcCfg	16	static
../Device/Rf/radio_drv.c:586:6:vRadioCapLoad	16	static
../Device/Rf/radio_drv.c:602:6:vRadioLfoscCfg	16	static
