../Device/Rf/radio_phy.c:91:6:vRadioSetInt1Sel	16	static
../Device/Rf/radio_phy.c:102:6:vRadioSetInt2Sel	16	static
../Device/Rf/radio_phy.c:118:6:vRadioSetInt1Polar	16	static
../Device/Rf/radio_phy.c:136:6:vRadioSetInt2Polar	16	static
../Device/Rf/radio_phy.c:154:6:vRadioSetInt3Polar	16	static
../Device/Rf/radio_phy.c:178:6:vRadioRssiUpdateSel	16	static
../Device/Rf/radio_phy.c:191:9:bRadioGetRssi	16	static
../Device/Rf/radio_phy.c:204:6:vRadioRssiConfig	16	static
../Device/Rf/radio_phy.c:219:6:vRadioRssiCalOffset	16	static
../Device/Rf/radio_phy.c:233:9:bRadioGetLbdVal	16	static
../Device/Rf/radio_phy.c:246:6:vRadioRssiSetLbdTH	16	static
../Device/Rf/radio_phy.c:257:9:bRadioGetTemperature	16	static
../Device/Rf/radio_phy.c:270:9:bRadioApiCommand	32	static
../Device/Rf/radio_phy.c:295:6:vRadioCdrModeCfg	16	static
../Device/Rf/radio_phy.c:312:6:vRadioTxRampCfg	16	static
../Device/Rf/radio_phy.c:338:6:vRadioTxGaussianCfg	24	static
../Device/Rf/radio_phy.c:365:9:bRadioGetState	16	static
../Device/Rf/radio_phy.c:378:9:bRadioSwitchWaiting	24	static
../Device/Rf/radio_phy.c:399:9:bRadioGoSleep	8	static
../Device/Rf/radio_phy.c:411:9:bRadioGoStandby	8	static
../Device/Rf/radio_phy.c:425:9:bRadioGoTx	8	static
../Device/Rf/radio_phy.c:437:9:bRadioGoRx	8	static
../Device/Rf/radio_phy.c:448:9:bRadioGoTxFS	8	static
../Device/Rf/radio_phy.c:460:9:bRadioGoRxFS	8	static
../Device/Rf/radio_phy.c:474:6:vRadioSetFifoTH	16	static
../Device/Rf/radio_phy.c:494:6:vRadioFifoRetent	16	static
../Device/Rf/radio_phy.c:512:6:vRadioFifoAutoClearGoRx	16	static
../Device/Rf/radio_phy.c:530:6:vRadioFifoAutoRestoreWhenTxDone	16	static
../Device/Rf/radio_phy.c:548:6:vRadioFifoMerge	16	static
../Device/Rf/radio_phy.c:566:6:vRadioFifoTRxUsageSel	16	static
../Device/Rf/radio_phy.c:586:6:vRadioFifoGetStatus	16	static
../Device/Rf/radio_phy.c:597:6:vRadioClearTxFifo	8	static
../Device/Rf/radio_phy.c:608:6:vRadioClearRxFifo	8	static
../Device/Rf/radio_phy.c:619:6:vRadioManualResetTxFifoPointer	8	static
../Device/Rf/radio_phy.c:632:6:vRadioInterruptSourceCfg	16	static
../Device/Rf/radio_phy.c:646:6:vRadioInterruptSourceFlag	16	static
../Device/Rf/radio_phy.c:660:6:vRadioInterruptSourceClear	16	static
../Device/Rf/radio_phy.c:677:6:vRadioConfigPageReg	16	static
../Device/Rf/radio_phy.c:690:6:vRadioReadPageReg	16	static
../Device/Rf/radio_phy.c:703:9:bRadioIsExist	16	static
../Device/Rf/radio_phy.c:725:10:lRadioChipVersion	16	static
