../Device/Rf/radio_drv.c:58:6:vRadioInterfaceInit	8	static
../Device/Rf/radio_drv.c:73:6:vRadioReadReg	16	static
../Device/Rf/radio_drv.c:84:6:vRadioWriteReg	16	static
../Device/Rf/radio_drv.c:95:6:vRadioSetReg	24	static
../Device/Rf/radio_drv.c:110:6:vRadioLoadRegs	24	static
../Device/Rf/radio_drv.c:126:6:vRadioStoreRegs	24	static
../Device/Rf/radio_drv.c:142:6:vRadioBurstReadRegs	16	static
../Device/Rf/radio_drv.c:153:6:vRadioBurstWriteRegs	16	static
../Device/Rf/radio_drv.c:164:6:vRadioReadFifo	24	static
../Device/Rf/radio_drv.c:182:6:vRadioWriteFifo	24	static
../Device/Rf/radio_drv.c:200:6:vRadioReadTxFifo	24	static
../Device/Rf/radio_drv.c:227:6:vRadioSelSpiMode	16	static
../Device/Rf/radio_drv.c:251:6:vRadioSetTxDin	16	static
../Device/Rf/radio_drv.c:282:6:vRadioSetDigClkOut	16	static
../Device/Rf/radio_drv.c:303:6:vRadioSetLfxoPad	16	static
../Device/Rf/radio_drv.c:327:6:vRadioSetGpio0	16	static
../Device/Rf/radio_drv.c:342:6:vRadioSetGpio1	16	static
../Device/Rf/radio_drv.c:358:6:vRadioSetGpio2	16	static
../Device/Rf/radio_drv.c:374:6:vRadioSetGpio3	16	static
../Device/Rf/radio_drv.c:390:6:vRadioSetGpio4	16	static
../Device/Rf/radio_drv.c:406:6:vRadioSetGpio5	16	static
../Device/Rf/radio_drv.c:423:6:vRadioSetNirq	16	static
../Device/Rf/radio_drv.c:435:6:vRadioSelTcxoDrv	16	static
../Device/Rf/radio_drv.c:459:6:vRadioSelRegPage	16	static
../Device/Rf/radio_drv.c:477:6:vRadioPowerUpBoot	8	static
../Device/Rf/radio_drv.c:488:6:vRadioSoftReset	8	static
../Device/Rf/radio_drv.c:502:6:vRadioSetPaOutputMode	16	static
../Device/Rf/radio_drv.c:529:6:vRadioSetTxDataInverse	16	static
../Device/Rf/radio_drv.c:549:6:vRadioSetAntSwitch	24	static
../Device/Rf/radio_drv.c:571:6:vRadioDcdcCfg	16	static
../Device/Rf/radio_drv.c:593:6:vRadioDcdcFreqCfg	16	static
../Device/Rf/radio_drv.c:606:6:vRadioDcdcVoltageCfg	16	static
../Device/Rf/radio_drv.c:620:6:vRadioCapLoad	16	static
../Device/Rf/radio_drv.c:636:6:vRadioLfoscCfg	16	static
../Device/Rf/radio_drv.c:662:6:vRadioXoWaitCfg	16	static
