../Device/Rf/rf_task.c:227:6:radioMessageQueuePut	272	static
../Device/Rf/rf_task.c:235:12:radioMessageQueueGet	24	static
../Device/Rf/rf_task.c:257:13:vDirectParamInit	4	static
../Device/Rf/rf_task.c:269:13:vRfDirectRxProc	16	static
../Device/Rf/rf_task.c:324:13:vRfDirectTxProc	8	static
../Device/Rf/rf_task.c:417:13:vDirectPreambleIrqCb	8	static
../Device/Rf/rf_task.c:428:13:vDirectRxTimeOutIrqCb	8	static
../Device/Rf/rf_task.c:441:13:vDirectDClockIrqCb	88	static
../Device/Rf/rf_task.c:461:6:rfInitCtrl	16	static
../Device/Rf/rf_task.c:503:6:rfTxData	16	static
../Device/Rf/rf_task.c:514:13:rfCtrlThread	96	static
../Device/Rf/rf_task.c:597:6:rfTsCb	8	static
../Device/Rf/rf_task.c:627:6:radioModuleInit	16	static
../Device/Rf/rf_task.c:671:6:radioSignalCb	16	static,ignoring_inline_asm
../Device/Rf/rf_task.c:699:6:radioCtrlCmd	16	static
../Device/Rf/rf_task.c:713:6:radioFskSendData	16	static
../Device/Rf/rf_task.c:727:6:radioTimerInit	16	static
../Device/Rf/rf_task.c:746:6:radioTimerStart	8	static
../Device/Rf/rf_task.c:751:6:radioTimerStop	8	static
../Device/Rf/rf_task.c:756:6:HAL_TIM_PeriodElapsedCallback	16	static
