../Device/Rf/rf_task.c:226:6:radioMessageQueuePut	272	static
../Device/Rf/rf_task.c:234:12:radioMessageQueueGet	24	static
../Device/Rf/rf_task.c:256:13:vDirectParamInit	4	static
../Device/Rf/rf_task.c:268:13:vRfDirectRxProc	16	static
../Device/Rf/rf_task.c:323:13:vRfDirectTxProc	8	static
../Device/Rf/rf_task.c:416:13:vDirectPreambleIrqCb	8	static
../Device/Rf/rf_task.c:427:13:vDirectRxTimeOutIrqCb	8	static
../Device/Rf/rf_task.c:440:13:vDirectDClockIrqCb	88	static
../Device/Rf/rf_task.c:460:6:rfInitCtrl	16	static
../Device/Rf/rf_task.c:494:6:rfTxData	16	static
../Device/Rf/rf_task.c:505:13:rfCtrlThread	96	static
../Device/Rf/rf_task.c:588:6:rfTsCb	8	static
../Device/Rf/rf_task.c:617:6:radioModuleInit	16	static
../Device/Rf/rf_task.c:661:6:radioSignalCb	16	static,ignoring_inline_asm
../Device/Rf/rf_task.c:689:6:radioCtrlCmd	16	static
../Device/Rf/rf_task.c:703:6:radioFskSendData	16	static
../Device/Rf/rf_task.c:717:6:radioTimerInit	16	static
../Device/Rf/rf_task.c:736:6:radioTimerStart	8	static
../Device/Rf/rf_task.c:741:6:radioTimerStop	8	static
../Device/Rf/rf_task.c:746:6:HAL_TIM_PeriodElapsedCallback	16	static
