../Device/Epd/epd_driver.c:61:13:EPD_2IN7_V2_Reset	8	static
../Device/Epd/epd_driver.c:76:13:EPD_2IN7_V2_SendCommand	16	static
../Device/Epd/epd_driver.c:89:13:EPD_2IN7_V2_SendData	16	static
../Device/Epd/epd_driver.c:101:13:EPD_2IN7_V2_ReadBusy	8	static
../Device/Epd/epd_driver.c:116:13:EPD_2IN7_V2_SetWindows	24	static
../Device/Epd/epd_driver.c:133:13:EPD_2IN7_V2_SetCursor	16	static
../Device/Epd/epd_driver.c:148:13:EPD_2IN7_V2_TurnOnDisplay	8	static
../Device/Epd/epd_driver.c:156:13:EPD_2IN7_V2_TurnOnDisplay_Fast	8	static
../Device/Epd/epd_driver.c:164:13:EPD_2IN7_V2_TurnOnDisplay_Partial	8	static
../Device/Epd/epd_driver.c:172:13:EPD_2IN7_V2_TurnOnDisplay_4GRAY	8	static
../Device/Epd/epd_driver.c:183:13:EPD_2IN7_V2_Lut	16	static
../Device/Epd/epd_driver.c:197:6:EPD_2IN7_V2_Init	8	static
../Device/Epd/epd_driver.c:428:6:EPD_2IN7_V2_Init_Fast	8	static
../Device/Epd/epd_driver.c:466:6:EPD_2IN7_V2_Init_4GRAY	8	static
../Device/Epd/epd_driver.c:532:6:EPD_2IN7_V2_Clear	16	static
../Device/Epd/epd_driver.c:548:9:bitConvert	24	static
../Device/Epd/epd_driver.c:568:6:EPD_2IN7_V2_Display	24	static
../Device/Epd/epd_driver.c:589:6:EPD_2IN7_V2_Display_Fast	24	static
../Device/Epd/epd_driver.c:604:6:EPD_2IN7_V2_Display_Base	32	static
../Device/Epd/epd_driver.c:633:6:EPD_2IN7_V2_Display_Base_color	32	static
../Device/Epd/epd_driver.c:654:6:EPD_2IN7_V2_Display_Partial	32	static
../Device/Epd/epd_driver.c:704:6:EPD_2IN7_V2_4GrayDisplay	32	static
../Device/Epd/epd_driver.c:792:6:EPD_2IN7_V2_Sleep	8	static
