../Device/Epd/EPD_2in7_V2.c:61:13:EPD_2IN7_V2_Reset	8	static
../Device/Epd/EPD_2in7_V2.c:76:13:EPD_2IN7_V2_SendCommand	16	static
../Device/Epd/EPD_2in7_V2.c:89:13:EPD_2IN7_V2_SendData	16	static
../Device/Epd/EPD_2in7_V2.c:101:13:EPD_2IN7_V2_ReadBusy	8	static
../Device/Epd/EPD_2in7_V2.c:116:13:EPD_2IN7_V2_TurnOnDisplay	8	static
../Device/Epd/EPD_2in7_V2.c:124:13:EPD_2IN7_V2_TurnOnDisplay_Fast	8	static
../Device/Epd/EPD_2in7_V2.c:132:13:EPD_2IN7_V2_TurnOnDisplay_Partial	8	static
../Device/Epd/EPD_2in7_V2.c:140:13:EPD_2IN7_V2_TurnOnDisplay_4GRAY	8	static
../Device/Epd/EPD_2in7_V2.c:151:13:EPD_2IN7_V2_Lut	16	static
../Device/Epd/EPD_2in7_V2.c:165:6:EPD_2IN7_V2_Init	8	static
../Device/Epd/EPD_2in7_V2.c:187:6:EPD_2IN7_V2_Init_Fast	8	static
../Device/Epd/EPD_2in7_V2.c:225:6:EPD_2IN7_V2_Init_4GRAY	8	static
../Device/Epd/EPD_2in7_V2.c:291:6:EPD_2IN7_V2_Clear	16	static
../Device/Epd/EPD_2in7_V2.c:311:6:EPD_2IN7_V2_Display	24	static
../Device/Epd/EPD_2in7_V2.c:327:6:EPD_2IN7_V2_Display_Fast	24	static
../Device/Epd/EPD_2in7_V2.c:342:6:EPD_2IN7_V2_Display_Base	32	static
../Device/Epd/EPD_2in7_V2.c:363:6:EPD_2IN7_V2_Display_Base_color	32	static
../Device/Epd/EPD_2in7_V2.c:384:6:EPD_2IN7_V2_Display_Partial	32	static
../Device/Epd/EPD_2in7_V2.c:434:6:EPD_2IN7_V2_4GrayDisplay	32	static
../Device/Epd/EPD_2in7_V2.c:522:6:EPD_2IN7_V2_Sleep	8	static
