../../../../../../../Drivers/STM32WBxx_HAL_Driver/Inc/stm32wbxx_ll_bus.h:539:22:LL_AHB2_GRP1_EnableClock	24	static
../../../../../../../Drivers/STM32WBxx_HAL_Driver/Inc/stm32wbxx_ll_bus.h:939:22:LL_APB1_GRP1_EnableClock	24	static
../../../../../../../Drivers/STM32WBxx_HAL_Driver/Inc/stm32wbxx_ll_bus.h:1038:22:LL_APB1_GRP1_DisableClock	16	static
../../../../../../../Drivers/STM32WBxx_HAL_Driver/Inc/stm32wbxx_ll_bus.h:1081:22:LL_APB1_GRP1_ForceReset	16	static
../../../../../../../Drivers/STM32WBxx_HAL_Driver/Inc/stm32wbxx_ll_bus.h:1125:22:LL_APB1_GRP1_ReleaseReset	16	static
../../../../../../../Drivers/STM32WBxx_HAL_Driver/Inc/stm32wbxx_ll_bus.h:1274:22:LL_APB2_GRP1_EnableClock	24	static
../../../../../../../Drivers/STM32WBxx_HAL_Driver/Inc/stm32wbxx_ll_bus.h:1328:22:LL_APB2_GRP1_DisableClock	16	static
C:/Workspace/solt_prj/STM32CubeWB-master/STM32CubeWB-master/Drivers/BSP/STM32WB5MM-DK/stm32wb5mm_dk_bus.c:191:9:BSP_I2C3_Init	16	static
C:/Workspace/solt_prj/STM32CubeWB-master/STM32CubeWB-master/Drivers/BSP/STM32WB5MM-DK/stm32wb5mm_dk_bus.c:239:9:BSP_I2C3_DeInit	16	static
C:/Workspace/solt_prj/STM32CubeWB-master/STM32CubeWB-master/Drivers/BSP/STM32WB5MM-DK/stm32wb5mm_dk_bus.c:271:9:BSP_I2C3_WriteReg	32	static
C:/Workspace/solt_prj/STM32CubeWB-master/STM32CubeWB-master/Drivers/BSP/STM32WB5MM-DK/stm32wb5mm_dk_bus.c:284:9:BSP_I2C3_ReadReg	32	static
C:/Workspace/solt_prj/STM32CubeWB-master/STM32CubeWB-master/Drivers/BSP/STM32WB5MM-DK/stm32wb5mm_dk_bus.c:297:9:BSP_I2C3_WriteReg16	32	static
C:/Workspace/solt_prj/STM32CubeWB-master/STM32CubeWB-master/Drivers/BSP/STM32WB5MM-DK/stm32wb5mm_dk_bus.c:310:9:BSP_I2C3_ReadReg16	32	static
C:/Workspace/solt_prj/STM32CubeWB-master/STM32CubeWB-master/Drivers/BSP/STM32WB5MM-DK/stm32wb5mm_dk_bus.c:321:9:BSP_I2C3_IsReady	24	static
C:/Workspace/solt_prj/STM32CubeWB-master/STM32CubeWB-master/Drivers/BSP/STM32WB5MM-DK/stm32wb5mm_dk_bus.c:337:9:BSP_SPI1_Init	16	static
C:/Workspace/solt_prj/STM32CubeWB-master/STM32CubeWB-master/Drivers/BSP/STM32WB5MM-DK/stm32wb5mm_dk_bus.c:371:9:BSP_SPI1_DeInit	16	static
C:/Workspace/solt_prj/STM32CubeWB-master/STM32CubeWB-master/Drivers/BSP/STM32WB5MM-DK/stm32wb5mm_dk_bus.c:393:26:MX_SPI1_Init	24	static
C:/Workspace/solt_prj/STM32CubeWB-master/STM32CubeWB-master/Drivers/BSP/STM32WB5MM-DK/stm32wb5mm_dk_bus.c:423:9:BSP_SPI1_Send	24	static
C:/Workspace/solt_prj/STM32CubeWB-master/STM32CubeWB-master/Drivers/BSP/STM32WB5MM-DK/stm32wb5mm_dk_bus.c:440:10:BSP_SPI1_Recv	32	static
C:/Workspace/solt_prj/STM32CubeWB-master/STM32CubeWB-master/Drivers/BSP/STM32WB5MM-DK/stm32wb5mm_dk_bus.c:459:9:BSP_SPI1_SendRecv	40	static
C:/Workspace/solt_prj/STM32CubeWB-master/STM32CubeWB-master/Drivers/BSP/STM32WB5MM-DK/stm32wb5mm_dk_bus.c:534:9:BSP_GetTick	8	static
C:/Workspace/solt_prj/STM32CubeWB-master/STM32CubeWB-master/Drivers/BSP/STM32WB5MM-DK/stm32wb5mm_dk_bus.c:599:26:MX_I2C3_Init	24	static
C:/Workspace/solt_prj/STM32CubeWB-master/STM32CubeWB-master/Drivers/BSP/STM32WB5MM-DK/stm32wb5mm_dk_bus.c:642:13:SPI1_MspInit	40	static
C:/Workspace/solt_prj/STM32CubeWB-master/STM32CubeWB-master/Drivers/BSP/STM32WB5MM-DK/stm32wb5mm_dk_bus.c:676:13:SPI1_MspDeInit	40	static
C:/Workspace/solt_prj/STM32CubeWB-master/STM32CubeWB-master/Drivers/BSP/STM32WB5MM-DK/stm32wb5mm_dk_bus.c:710:13:I2C3_MspInit	40	static
C:/Workspace/solt_prj/STM32CubeWB-master/STM32CubeWB-master/Drivers/BSP/STM32WB5MM-DK/stm32wb5mm_dk_bus.c:751:13:I2C3_MspDeInit	16	static
C:/Workspace/solt_prj/STM32CubeWB-master/STM32CubeWB-master/Drivers/BSP/STM32WB5MM-DK/stm32wb5mm_dk_bus.c:773:16:I2C3_WriteReg	48	static
C:/Workspace/solt_prj/STM32CubeWB-master/STM32CubeWB-master/Drivers/BSP/STM32WB5MM-DK/stm32wb5mm_dk_bus.c:815:16:I2C3_ReadReg	48	static
C:/Workspace/solt_prj/STM32CubeWB-master/STM32CubeWB-master/Drivers/BSP/STM32WB5MM-DK/stm32wb5mm_dk_bus.c:854:17:I2C_GetTiming	32	static
C:/Workspace/solt_prj/STM32CubeWB-master/STM32CubeWB-master/Drivers/BSP/STM32WB5MM-DK/stm32wb5mm_dk_bus.c:892:13:I2C_Compute_PRESC_SCLDEL_SDADEL	64	static
C:/Workspace/solt_prj/STM32CubeWB-master/STM32CubeWB-master/Drivers/BSP/STM32WB5MM-DK/stm32wb5mm_dk_bus.c:973:17:I2C_Compute_SCLL_SCLH	80	static
C:/Workspace/solt_prj/STM32CubeWB-master/STM32CubeWB-master/Drivers/BSP/STM32WB5MM-DK/stm32wb5mm_dk_bus.c:1052:17:SPI_GetPrescaler	32	static
